node > function delay(ms) {
...     var setTimeout = require('timers').setTimeout;
...     var deferred = Q.defer();
...     function foo() {
...         deferred.resolve({
...             wokeafter: ms,
...         });
...     }
...     setTimeout(foo, ms);
...     return deferred.promise;
... }
node > delay(10)
{ wokeafter: 10 }
node > delay(20)
{ wokeafter: 20 }
node > delay(5)
{ wokeafter: 5 }
node > null
node > undefined
node > "Goodbye"
'Goodbye'
